OTU_1815	Actinomyces
OTU_1490	Actinomyces
OTU_1947	Actinomyces
OTU_2381	Actinomyces
OTU_222	Actinomyces
OTU_1064	Actinomyces
OTU_1419	Actinomyces
OTU_555	Alistipes
OTU_1957	Alistipes
OTU_50	Alistipes
OTU_1968	Alistipes
OTU_1989	Alistipes
OTU_22	Alistipes
OTU_287	Alistipes
OTU_336	Alistipes
OTU_2284	Alistipes
OTU_238	Alistipes
OTU_2012	Alistipes
OTU_223	Alistipes
OTU_70	Alistipes
OTU_108	Alistipes
OTU_588	Alistipes
OTU_696	Alistipes
OTU_168	Alistipes
OTU_179	Alistipes
OTU_2210	Alloprevotella
OTU_58	Alloprevotella
OTU_1540	Alloprevotella
OTU_748	Alloprevotella
OTU_277	Alloprevotella
OTU_2052	Alloprevotella
OTU_262	Alloprevotella
OTU_333	Alloprevotella
OTU_102	Alloprevotella
OTU_895	Bacteroides
OTU_894	Bacteroides
OTU_163	Bacteroides
OTU_453	Bacteroides
OTU_1547	Bacteroides
OTU_1545	Bacteroides
OTU_441	Bacteroides
OTU_1208	Bacteroides
OTU_30	Bacteroides
OTU_613	Bacteroides
OTU_291	Bacteroides
OTU_273	Bacteroides
OTU_1981	Bacteroides
OTU_21	Bacteroides
OTU_24	Bacteroides
OTU_29	Bacteroides
OTU_2057	Bacteroides
OTU_602	Bacteroides
OTU_600	Bacteroides
OTU_263	Bacteroides
OTU_269	Bacteroides
OTU_12	Bacteroides
OTU_2045	Bacteroides
OTU_886	Bacteroides
OTU_708	Bacteroides
OTU_703	Bacteroides
OTU_1408	Bacteroides
OTU_1238	Bacteroides
OTU_2291	Bacteroides
OTU_804	Bacteroides
OTU_1970	Bacteroides
OTU_1975	Bacteroides
OTU_653	Bacteroides
OTU_1389	Bacteroides
OTU_2389	Bacteroides
OTU_836	Bacteroides
OTU_139	Bacteroides
OTU_409	Bacteroides
OTU_1738	Bacteroides
OTU_2003	Bacteroides
OTU_2008	Bacteroides
OTU_1469	Bacteroides
OTU_1601	Bacteroides
OTU_965	Bacteroides
OTU_8	Bacteroides
OTU_2	Bacteroides
OTU_1	Bacteroides
OTU_7	Bacteroides
OTU_2033	Bacteroides
OTU_112	Bacteroides
OTU_682	Bacteroides
OTU_568	Bacteroides
OTU_947	Bacteroides
OTU_1801	Bacteroides
OTU_1904	Bacteroides
OTU_173	Bacteroides
OTU_86	Bacteroides
OTU_1679	Bacteroides
OTU_75	Bacteroides
OTU_143	Bacteroides
OTU_158	Bifidobacterium
OTU_46	Bifidobacterium
OTU_840	Bifidobacterium
OTU_1749	Bifidobacterium
OTU_34	Bifidobacterium
OTU_628	Bifidobacterium
OTU_766	Blautia
OTU_194	Blautia
OTU_51	Blautia
OTU_443	Blautia
OTU_10	Blautia
OTU_2046	Blautia
OTU_485	Blautia
OTU_1606	Blautia
OTU_1292	Blautia
OTU_1105	Blautia
OTU_1910	Blautia
OTU_2238	Blautia
OTU_1677	Blautia
OTU_656	Bryobacter
OTU_1352	Bryobacter
OTU_1888	Bryobacter
OTU_2269	Bryobacter
OTU_1111	Bryobacter
OTU_1853	Bryobacter
OTU_1297	Bryobacter
OTU_1550	Bryobacter
OTU_780	Bryobacter
OTU_1139	Bryobacter
OTU_1837	Bryobacter
OTU_2342	Bryobacter
OTU_1454	Bryobacter
OTU_1586	Bryobacter
OTU_1493	Butyricicoccus
OTU_827	Butyricicoccus
OTU_1099	Butyricicoccus
OTU_332	Butyricicoccus
OTU_106	Butyricicoccus
OTU_117	Butyricicoccus
OTU_359	Butyricicoccus
OTU_182	Butyricimonas
OTU_2323	Butyricimonas
OTU_601	Butyricimonas
OTU_259	Butyricimonas
OTU_225	Butyricimonas
OTU_227	Butyricimonas
OTU_781	Butyricimonas
OTU_457	Butyricimonas
OTU_141	Butyricimonas
OTU_1887	Butyrivibrio
OTU_1323	Candidatus_Alysiosphaera
OTU_609	Candidatus_Alysiosphaera
OTU_524	Candidatus_Alysiosphaera
OTU_1303	Candidatus_Alysiosphaera
OTU_2406	Candidatus_Alysiosphaera
OTU_1194	Candidatus_Alysiosphaera
OTU_864	Candidatus_Alysiosphaera
OTU_936	Candidatus_Alysiosphaera
OTU_1882	Candidatus_Alysiosphaera
OTU_1889	Candidatus_Alysiosphaera
OTU_1854	Candidatus_Alysiosphaera
OTU_1499	Haliangium
OTU_2370	Haliangium
OTU_1798	Haliangium
OTU_1162	Haliangium
OTU_2085	Haliangium
OTU_714	Haliangium
OTU_1243	Haliangium
OTU_1251	Haliangium
OTU_2125	Haliangium
OTU_2397	Haliangium
OTU_2002	Haliangium
OTU_1911	Haliangium
OTU_1638	Haliangium
OTU_1802	Haliangium
OTU_1955	Halomonas
OTU_2066	Halomonas
OTU_1219	Lachnoclostridium
OTU_23	Lachnoclostridium
OTU_289	Lachnoclostridium
OTU_64	Lachnoclostridium
OTU_675	Lachnoclostridium
OTU_952	Lachnoclostridium
OTU_960	Lachnoclostridium
OTU_782	Lachnoclostridium
OTU_557	Lactobacillus
OTU_538	Lactobacillus
OTU_25	Lactobacillus
OTU_125	Lactobacillus
OTU_239	Lactobacillus
OTU_816	Lactobacillus
OTU_1342	Lactobacillus
OTU_80	Lactobacillus
OTU_2122	Lactobacillus
OTU_71	Lactobacillus
OTU_120	Lactobacillus
OTU_2132	Lactobacillus
OTU_2156	Lactobacillus
OTU_1476	Lactobacillus
OTU_1043	Lactobacillus
OTU_92	Lactobacillus
OTU_142	Lactobacillus
OTU_922	unidentified_Acidimicrobiia
OTU_2228	unidentified_Acidimicrobiia
OTU_1016	unidentified_Acidobacteria
OTU_1786	unidentified_Acidobacteria
OTU_1783	unidentified_Acidobacteria
OTU_1168	unidentified_Acidobacteria
OTU_1166	unidentified_Acidobacteria
OTU_1202	unidentified_Acidobacteria
OTU_1181	unidentified_Acidobacteria
OTU_1344	unidentified_Acidobacteria
OTU_2078	unidentified_Acidobacteria
OTU_935	unidentified_Acidobacteria
OTU_1652	unidentified_Acidobacteria
OTU_1654	unidentified_Acidobacteria
OTU_1248	unidentified_Acidobacteria
OTU_1719	unidentified_Acidobacteria
OTU_1897	unidentified_Acidobacteria
OTU_1670	unidentified_Acidobacteria
OTU_1264	unidentified_Acidobacteria
OTU_2268	unidentified_Acidobacteria
OTU_1462	unidentified_Acidobacteria
OTU_1600	unidentified_Acidobacteria
OTU_1270	unidentified_Acidobacteria
OTU_1273	unidentified_Acidobacteria
OTU_2106	unidentified_Acidobacteria
OTU_1825	unidentified_Acidobacteria
OTU_2021	unidentified_Acidobacteria
OTU_1441	unidentified_Acidobacteria
OTU_1554	unidentified_Acidobacteria
OTU_823	unidentified_Acidobacteria
OTU_2162	unidentified_Acidobacteria
OTU_1487	unidentified_Ruminococcaceae
OTU_554	unidentified_Ruminococcaceae
OTU_65	unidentified_Ruminococcaceae
OTU_63	unidentified_Ruminococcaceae
OTU_339	unidentified_Ruminococcaceae
OTU_1007	unidentified_Ruminococcaceae
OTU_529	unidentified_Ruminococcaceae
OTU_53	unidentified_Ruminococcaceae
OTU_57	unidentified_Ruminococcaceae
OTU_95	unidentified_Ruminococcaceae
OTU_294	unidentified_Ruminococcaceae
OTU_296	unidentified_Ruminococcaceae
OTU_1196	unidentified_Ruminococcaceae
OTU_1024	unidentified_Ruminococcaceae
OTU_2363	unidentified_Ruminococcaceae
OTU_28	unidentified_Ruminococcaceae
OTU_1563	unidentified_Ruminococcaceae
OTU_461	unidentified_Ruminococcaceae
OTU_2193	unidentified_Ruminococcaceae
OTU_152	unidentified_Ruminococcaceae
OTU_255	unidentified_Ruminococcaceae
OTU_815	unidentified_Ruminococcaceae
OTU_1723	unidentified_Ruminococcaceae
OTU_1651	unidentified_Ruminococcaceae
OTU_2285	unidentified_Ruminococcaceae
OTU_1894	unidentified_Ruminococcaceae
OTU_951	unidentified_Ruminococcaceae
OTU_76	unidentified_Ruminococcaceae
OTU_213	unidentified_Ruminococcaceae
OTU_363	unidentified_Ruminococcaceae
OTU_758	unidentified_Ruminococcaceae
OTU_115	unidentified_Ruminococcaceae
OTU_685	unidentified_Ruminococcaceae
OTU_677	unidentified_Ruminococcaceae
OTU_562	unidentified_Ruminococcaceae
OTU_1551	unidentified_Ruminococcaceae
OTU_308	unidentified_Ruminococcaceae
OTU_305	unidentified_Ruminococcaceae
OTU_787	unidentified_Ruminococcaceae
OTU_825	unidentified_Ruminococcaceae
OTU_2168	unidentified_Ruminococcaceae
OTU_770	unidentified_Ruminococcaceae
OTU_1581	unidentified_Ruminococcaceae
OTU_1632	unidentified_Ruminococcaceae
OTU_777	unidentified_Ruminococcaceae
OTU_2351	unidentified_Ruminococcaceae
OTU_74	unidentified_Ruminococcaceae
OTU_79	unidentified_Ruminococcaceae
